// Jest Snapshot v1, https://goo.gl/fbAQLP

exports[`SnapShot test 1`] = `
<DocumentFragment>
  <p>
    Loading …
  </p>
</DocumentFragment>
`;

exports[`Testing Cafe component SnapShot test 1`] = `
<DocumentFragment>
  <p>
    Loading …
  </p>
</DocumentFragment>
`;
